// Jest Snapshot v1, https://goo.gl/fbAQLP

exports[`svg.html - parse5-verify 1`] = `
<!DOCTYPE html>
<html>
  <head>
    <title>SVG</title>
  </head>
  <body>
    <svg width="100" height="100">
      <circle cx="50" cy="50" r="40" stroke="green" stroke-width="4" fill="yellow" />
    </svg>
  </body>
</html>
~~~~~~~~~~~~~~~~~~~~~~~~~~~~~~~~~~~~~~~~~~~~~~~~~~~~~~~~~~~~~~~~~~~~~~~~~~~~~~~~
<!DOCTYPE html>
<html>
  <head>
    <title>SVG</title>
  </head>
  <body>
    <svg width="100" height="100">
      <circle
        cx="50"
        cy="50"
        r="40"
        stroke="green"
        stroke-width="4"
        fill="yellow"
      ></circle>
    </svg>
  </body>
</html>

`;
