// Jest Snapshot v1, https://goo.gl/fbAQLP

exports[`basic.html - parse5-verify 1`] = `
<template>
  <i class.bind="icon"></i>
</template>
~~~~~~~~~~~~~~~~~~~~~~~~~~~~~~~~~~~~~~~~~~~~~~~~~~~~~~~~~~~~~~~~~~~~~~~~~~~~~~~~
<template>
  <i class.bind="icon"></i>

</template>

`;
