// Jest Snapshot v1, https://goo.gl/fbAQLP

exports[`symbol_entitites.html - parse5-verify 1`] = `
<p>I will display &euro;</p>
<p>I will display &#8364;</p>
<p>I will display &#x20AC;</p>
~~~~~~~~~~~~~~~~~~~~~~~~~~~~~~~~~~~~~~~~~~~~~~~~~~~~~~~~~~~~~~~~~~~~~~~~~~~~~~~~
<p>I will display €</p>
<p>I will display €</p>
<p>I will display €</p>

`;
